Startpoint: reset (input port clocked by clk1)
Endpoint: _35_ (removal check against rising-edge clock clk1)
Path Group: asynchronous
Path Type: min

Fanout        Cap       Slew      Delay       Time   Description
-----------------------------------------------------------------------------------------
                     0.00000    0.00000    0.00000   clock clk1 (rise edge)
                                3.00000    3.00000   clock network delay (ideal)
                                1.00000    4.00000 v input external delay
                     0.20000    0.00000    4.00000 v reset (in)
     3    0.00922                                    reset (net)
                     0.20000    0.00000    4.00000 v _31_/A (sky130_fd_sc_hd__clkinv_1)
                     0.05739    0.04573    4.04573 ^ _31_/Y (sky130_fd_sc_hd__clkinv_1)
     1    0.00378                                    _01_ (net)
                     0.05739    0.00000    4.04573 ^ _35_/RESET_B (sky130_fd_sc_hd__dfrtp_1)
                                           4.04573   data arrival time

                     0.00000    0.00000    0.00000   clock clk1 (rise edge)
                                3.00000    3.00000   clock network delay (ideal)
                                0.10000    3.10000   clock uncertainty
                                0.00000    3.10000   clock reconvergence pessimism
                                           3.10000 ^ _35_/CLK (sky130_fd_sc_hd__dfrtp_1)
                                0.20114    3.30114   library removal time
                                           3.30114   data required time
-----------------------------------------------------------------------------------------
                                           3.30114   data required time
                                          -4.04573   data arrival time
-----------------------------------------------------------------------------------------
                                           0.74459   slack (MET)


Startpoint: _36_ (rising edge-triggered flip-flop clocked by clk1)
Endpoint: _34_ (rising edge-triggered flip-flop clocked by clk1)
Path Group: clk1
Path Type: min

Fanout        Cap       Slew      Delay       Time   Description
-----------------------------------------------------------------------------------------
                     0.00000    0.00000    0.00000   clock clk1 (rise edge)
                                3.00000    3.00000   clock network delay (ideal)
                     0.00000    0.00000    3.00000 ^ _36_/CLK (sky130_fd_sc_hd__dfrtp_1)
                     0.08304    0.24115    3.24115 ^ _36_/Q (sky130_fd_sc_hd__dfrtp_1)
     5    0.01129                                    current_state[2] (net)
                     0.08304    0.00000    3.24115 ^ _24_/A2 (sky130_fd_sc_hd__o31ai_1)
                     0.02737    0.05160    3.29275 v _24_/Y (sky130_fd_sc_hd__o31ai_1)
     1    0.00212                                    next_state[0] (net)
                     0.02737    0.00000    3.29275 v _34_/D (sky130_fd_sc_hd__dfrtp_1)
                                           3.29275   data arrival time

                     0.00000    0.00000    0.00000   clock clk1 (rise edge)
                                3.00000    3.00000   clock network delay (ideal)
                                0.10000    3.10000   clock uncertainty
                                0.00000    3.10000   clock reconvergence pessimism
                                           3.10000 ^ _34_/CLK (sky130_fd_sc_hd__dfrtp_1)
                               -0.02576    3.07424   library hold time
                                           3.07424   data required time
-----------------------------------------------------------------------------------------
                                           3.07424   data required time
                                          -3.29275   data arrival time
-----------------------------------------------------------------------------------------
                                           0.21851   slack (MET)


Startpoint: reset (input port clocked by clk1)
Endpoint: _34_ (recovery check against rising-edge clock clk1)
Path Group: asynchronous
Path Type: max

Fanout        Cap       Slew      Delay       Time   Description
-----------------------------------------------------------------------------------------
                     0.00000    0.00000    0.00000   clock clk1 (rise edge)
                                3.00000    3.00000   clock network delay (ideal)
                                3.00000    6.00000 v input external delay
                     0.40000    0.00000    6.00000 v reset (in)
     3    0.00922                                    reset (net)
                     0.40000    0.00000    6.00000 v _15_/A (sky130_fd_sc_hd__clkinv_1)
                     0.09678    0.06256    6.06256 ^ _15_/Y (sky130_fd_sc_hd__clkinv_1)
     2    0.00544                                    _00_ (net)
                     0.09678    0.00000    6.06256 ^ _34_/RESET_B (sky130_fd_sc_hd__dfrtp_1)
                                           6.06256   data arrival time

                     0.00000   10.00000   10.00000   clock clk1 (rise edge)
                                3.00000   13.00000   clock network delay (ideal)
                               -0.10000   12.90000   clock uncertainty
                                0.00000   12.90000   clock reconvergence pessimism
                                          12.90000 ^ _34_/CLK (sky130_fd_sc_hd__dfrtp_1)
                                0.12904   13.02904   library recovery time
                                          13.02904   data required time
-----------------------------------------------------------------------------------------
                                          13.02904   data required time
                                          -6.06256   data arrival time
-----------------------------------------------------------------------------------------
                                           6.96648   slack (MET)


Startpoint: _33_ (rising edge-triggered flip-flop clocked by clk1)
Endpoint: detector_out (output port clocked by clk1)
Path Group: clk1
Path Type: max

Fanout        Cap       Slew      Delay       Time   Description
-----------------------------------------------------------------------------------------
                     0.00000    0.00000    0.00000   clock clk1 (rise edge)
                                3.00000    3.00000   clock network delay (ideal)
                     0.00000    0.00000    3.00000 ^ _33_/CLK (sky130_fd_sc_hd__dfxtp_1)
                     1.28119    1.03739    4.03739 ^ _33_/Q (sky130_fd_sc_hd__dfxtp_1)
     1    0.20000                                    detector_out (net)
                     1.28119    0.00000    4.03739 ^ detector_out (out)
                                           4.03739   data arrival time

                     0.00000   10.00000   10.00000   clock clk1 (rise edge)
                                3.00000   13.00000   clock network delay (ideal)
                               -0.10000   12.90000   clock uncertainty
                                0.00000   12.90000   clock reconvergence pessimism
                               -3.00000    9.90000   output external delay
                                           9.90000   data required time
-----------------------------------------------------------------------------------------
                                           9.90000   data required time
                                          -4.03739   data arrival time
-----------------------------------------------------------------------------------------
                                           5.86261   slack (MET)


tns 0.00
