Startpoint: reset (input port clocked by clk1)
Endpoint: _35_ (removal check against rising-edge clock clk1)
Path Group: asynchronous
Path Type: min

Fanout        Cap       Slew      Delay       Time   Description
-----------------------------------------------------------------------------------------
                     0.00000    0.00000    0.00000   clock clk1 (rise edge)
                                3.00000    3.00000   clock network delay (ideal)
                                1.00000    4.00000 v input external delay
                     0.20000    0.00000    4.00000 v reset (in)
     3    0.00843                                    reset (net)
                     0.20000    0.00000    4.00000 v _31_/A (sky130_fd_sc_hd__clkinv_1)
                     0.07413    0.14422    4.14422 ^ _31_/Y (sky130_fd_sc_hd__clkinv_1)
     1    0.00319                                    _01_ (net)
                     0.07413    0.00000    4.14422 ^ _35_/RESET_B (sky130_fd_sc_hd__dfrtp_1)
                                           4.14422   data arrival time

                     0.00000    0.00000    0.00000   clock clk1 (rise edge)
                                3.00000    3.00000   clock network delay (ideal)
                                0.10000    3.10000   clock uncertainty
                                0.00000    3.10000   clock reconvergence pessimism
                                           3.10000 ^ _35_/CLK (sky130_fd_sc_hd__dfrtp_1)
                                0.93837    4.03836   library removal time
                                           4.03836   data required time
-----------------------------------------------------------------------------------------
                                           4.03836   data required time
                                          -4.14422   data arrival time
-----------------------------------------------------------------------------------------
                                           0.10585   slack (MET)


Startpoint: sequence_in (input port clocked by clk1)
Endpoint: _36_ (rising edge-triggered flip-flop clocked by clk1)
Path Group: clk1
Path Type: min

Fanout        Cap       Slew      Delay       Time   Description
-----------------------------------------------------------------------------------------
                     0.00000    0.00000    0.00000   clock clk1 (rise edge)
                                3.00000    3.00000   clock network delay (ideal)
                                1.00000    4.00000 ^ input external delay
                     0.20000    0.00000    4.00000 ^ sequence_in (in)
     7    0.01461                                    sequence_in (net)
                     0.20000    0.00000    4.00000 ^ _29_/A1 (sky130_fd_sc_hd__a21oi_1)
                     0.05797    0.19790    4.19790 v _29_/Y (sky130_fd_sc_hd__a21oi_1)
     1    0.00180                                    next_state[2] (net)
                     0.05797    0.00000    4.19790 v _36_/D (sky130_fd_sc_hd__dfrtp_1)
                                           4.19790   data arrival time

                     0.00000    0.00000    0.00000   clock clk1 (rise edge)
                                3.00000    3.00000   clock network delay (ideal)
                                0.10000    3.10000   clock uncertainty
                                0.00000    3.10000   clock reconvergence pessimism
                                           3.10000 ^ _36_/CLK (sky130_fd_sc_hd__dfrtp_1)
                               -0.14787    2.95213   library hold time
                                           2.95213   data required time
-----------------------------------------------------------------------------------------
                                           2.95213   data required time
                                          -4.19790   data arrival time
-----------------------------------------------------------------------------------------
                                           1.24577   slack (MET)


Startpoint: reset (input port clocked by clk1)
Endpoint: _34_ (recovery check against rising-edge clock clk1)
Path Group: asynchronous
Path Type: max

Fanout        Cap       Slew      Delay       Time   Description
-----------------------------------------------------------------------------------------
                     0.00000    0.00000    0.00000   clock clk1 (rise edge)
                                3.00000    3.00000   clock network delay (ideal)
                                3.00000    6.00000 v input external delay
                     0.40000    0.00000    6.00000 v reset (in)
     3    0.00843                                    reset (net)
                     0.40000    0.00000    6.00000 v _15_/A (sky130_fd_sc_hd__clkinv_1)
                     0.12367    0.24007    6.24007 ^ _15_/Y (sky130_fd_sc_hd__clkinv_1)
     2    0.00463                                    _00_ (net)
                     0.12367    0.00000    6.24007 ^ _34_/RESET_B (sky130_fd_sc_hd__dfrtp_1)
                                           6.24007   data arrival time

                     0.00000   10.00000   10.00000   clock clk1 (rise edge)
                                3.00000   13.00000   clock network delay (ideal)
                               -0.10000   12.90000   clock uncertainty
                                0.00000   12.90000   clock reconvergence pessimism
                                          12.90000 ^ _34_/CLK (sky130_fd_sc_hd__dfrtp_1)
                                0.62847   13.52847   library recovery time
                                          13.52847   data required time
-----------------------------------------------------------------------------------------
                                          13.52847   data required time
                                          -6.24007   data arrival time
-----------------------------------------------------------------------------------------
                                           7.28839   slack (MET)


Startpoint: _33_ (rising edge-triggered flip-flop clocked by clk1)
Endpoint: detector_out (output port clocked by clk1)
Path Group: clk1
Path Type: max

Fanout        Cap       Slew      Delay       Time   Description
-----------------------------------------------------------------------------------------
                     0.00000    0.00000    0.00000   clock clk1 (rise edge)
                                3.00000    3.00000   clock network delay (ideal)
                     0.00000    0.00000    3.00000 ^ _33_/CLK (sky130_fd_sc_hd__dfxtp_1)
                     3.90969    3.65616    6.65616 ^ _33_/Q (sky130_fd_sc_hd__dfxtp_1)
     1    0.20000                                    detector_out (net)
                     3.90969    0.00000    6.65616 ^ detector_out (out)
                                           6.65616   data arrival time

                     0.00000   10.00000   10.00000   clock clk1 (rise edge)
                                3.00000   13.00000   clock network delay (ideal)
                               -0.10000   12.90000   clock uncertainty
                                0.00000   12.90000   clock reconvergence pessimism
                               -3.00000    9.90000   output external delay
                                           9.90000   data required time
-----------------------------------------------------------------------------------------
                                           9.90000   data required time
                                          -6.65616   data arrival time
-----------------------------------------------------------------------------------------
                                           3.24384   slack (MET)


tns 0.00
wns 0.00
